// Jest Snapshot v1, https://goo.gl/fbAQLP

exports[`src/pages/TankMonitoring/BulkCsvEntry/BulkCsvEntry.tsx renders the BulkCsvEntry component 1`] = `ShallowWrapper {}`;
