// Jest Snapshot v1, https://goo.gl/fbAQLP

exports[`src/components/NavBar.tsx renders the nav bar 1`] = `ShallowWrapper {}`;
