// Jest Snapshot v1, https://goo.gl/fbAQLP

exports[`src/pages/Admin/index.tsx renders the Admin page 1`] = `ShallowWrapper {}`;
