// Jest Snapshot v1, https://goo.gl/fbAQLP

exports[`src/pages/BatchHistory/BatchHistory.tsx renders the Batch History page 1`] = `ShallowWrapper {}`;
