// Jest Snapshot v1, https://goo.gl/fbAQLP

exports[`src/pages/TankMonitoring/TankCard/TankCard.tsx renders a tank card 1`] = `ShallowWrapper {}`;
