// Jest Snapshot v1, https://goo.gl/fbAQLP

exports[`src/pages/TankMonitoring/TankCardDisplay/TankCardDisplay.tsx renders the tank card display 1`] = `ShallowWrapper {}`;
