// Jest Snapshot v1, https://goo.gl/fbAQLP

exports[`src/pages/TankInfo/index.tsx renders the Tank Info page 1`] = `ShallowWrapper {}`;
