// Jest Snapshot v1, https://goo.gl/fbAQLP

exports[`src/pages/TankMonitoring/index.tsx renders the Tank Monitoring page 1`] = `ShallowWrapper {}`;
