// Jest Snapshot v1, https://goo.gl/fbAQLP

exports[`src/pages/Login/Login.tsx renders the Login page 1`] = `ShallowWrapper {}`;
